Component: ARM Compiler 5.05 update 2 (build 169) Tool: armlink [4d0f33]

==============================================================================

Section Cross References

    startup.o(RESET) refers to startup.o(STACK) for Stack_Top
    startup.o(RESET) refers to tcd.o(tcd) for __main
    startup.o(.text) refers to startup.o(HEAP) for Heap_Mem
    startup.o(.text) refers to startup.o(STACK) for Stack_Mem
    tcd.o(tcd) refers to tcd.o(stuffnum) for num
    tcd.o(tcd) refers to tcd.o(stuff) for res


==============================================================================

Image Symbol Table

    Local Symbols

    Symbol Name                              Value     Ov Type        Size  Object(Section)

    RESET                                    0x00000000   Section      272  startup.o(RESET)
    Startup.s                                0x00000000   Number         0  startup.o ABSOLUTE
    TCD.s                                    0x00000000   Number         0  tcd.o ABSOLUTE
    Undef_Handler                            0x00000040   ARM Code       4  startup.o(RESET)
    SWI_Handler                              0x00000044   ARM Code       4  startup.o(RESET)
    PAbt_Handler                             0x00000048   ARM Code       4  startup.o(RESET)
    DAbt_Handler                             0x0000004c   ARM Code       4  startup.o(RESET)
    IRQ_Handler                              0x00000050   ARM Code       4  startup.o(RESET)
    FIQ_Handler                              0x00000054   ARM Code       4  startup.o(RESET)
    .text                                    0x00000110   Section       32  startup.o(.text)
    tcd                                      0x00000130   Section      252  tcd.o(tcd)
    stuffnum                                 0x0000022c   Section       16  tcd.o(stuffnum)
    num                                      0x0000022c   Data           4  tcd.o(stuffnum)
    num1                                     0x00000230   Data           4  tcd.o(stuffnum)
    num2                                     0x00000234   Data           4  tcd.o(stuffnum)
    num3                                     0x00000238   Data           4  tcd.o(stuffnum)
    stuff                                    0x40000000   Section       32  tcd.o(stuff)
    res                                      0x40000000   Data           8  tcd.o(stuff)
    res1                                     0x40000008   Data           8  tcd.o(stuff)
    res2                                     0x40000010   Data           8  tcd.o(stuff)
    res3                                     0x40000018   Data           8  tcd.o(stuff)
    HEAP                                     0x40000020   Section        0  startup.o(HEAP)
    STACK                                    0x40000020   Section     1160  startup.o(STACK)
    Heap_Mem                                 0x40000020   Data           0  startup.o(HEAP)
    Stack_Mem                                0x40000020   Data        1024  startup.o(STACK)
    Stack_Top                                0x400004a8   Data           0  startup.o(STACK)

    Global Symbols

    Symbol Name                              Value     Ov Type        Size  Object(Section)

    BuildAttributes$$THM_ISAv1$ARM_ISAv4$S$PE$A:L22$X:L11$S22$IEEE1$IW$USESV6$~STKCKD$USESV7$~SHL$OSPACE$EBA8$STANDARDLIB$PRES8$EABIv2 0x00000000   Number         0  anon$$obj.o ABSOLUTE
    Reset_Handler                            0x00000058   ARM Code       0  startup.o(RESET)
    __user_initial_stackheap                 0x00000110   ARM Code       0  startup.o(.text)
    __main                                   0x00000130   ARM Code       0  tcd.o(tcd)



==============================================================================

Memory Map of the image

  Image Entry point : 0x00000000

  Load Region LR_IROM1 (Base: 0x00000000, Size: 0x0000025c, Max: 0x00080000, ABSOLUTE)

    Execution Region ER_IROM1 (Base: 0x00000000, Size: 0x0000023c, Max: 0x00080000, ABSOLUTE)

    Base Addr    Size         Type   Attr      Idx    E Section Name        Object

    0x00000000   0x00000110   Code   RO            3  * RESET               startup.o
    0x00000110   0x00000020   Code   RO            4    .text               startup.o
    0x00000130   0x000000fc   Code   RO           11    tcd                 tcd.o
    0x0000022c   0x00000010   Data   RO           12    stuffnum            tcd.o


    Execution Region RW_IRAM1 (Base: 0x40000000, Size: 0x000004a8, Max: 0x00008000, ABSOLUTE)

    Base Addr    Size         Type   Attr      Idx    E Section Name        Object

    0x40000000   0x00000020   Data   RW           13    stuff               tcd.o
    0x40000020   0x00000000   Zero   RW            2    HEAP                startup.o
    0x40000020   0x00000488   Zero   RW            1    STACK               startup.o


==============================================================================

Image component sizes


      Code (inc. data)   RO Data    RW Data    ZI Data      Debug   Object Name

       304         60          0          0       1160        572   startup.o
       252         32         16         32          0        272   tcd.o

    ----------------------------------------------------------------------
       556         92         16         32       1160        844   Object Totals
         0          0          0          0          0          0   (incl. Generated)
         0          0          0          0          0          0   (incl. Padding)

    ----------------------------------------------------------------------
         0          0          0          0          0          0   Library Totals
         0          0          0          0          0          0   (incl. Padding)

    ----------------------------------------------------------------------

==============================================================================


      Code (inc. data)   RO Data    RW Data    ZI Data      Debug   

       556         92         16         32       1160        844   Grand Totals
       556         92         16         32       1160        844   ELF Image Totals
       556         92         16         32          0          0   ROM Totals

==============================================================================

    Total RO  Size (Code + RO Data)                  572 (   0.56kB)
    Total RW  Size (RW Data + ZI Data)              1192 (   1.16kB)
    Total ROM Size (Code + RO Data + RW Data)        604 (   0.59kB)

==============================================================================

